[33mΓ¥»[39m Building...
[32mΓ£ö[39m Building...
Application bundle generation failed. [17.288 seconds] - 2026-01-30T05:39:15.809Z

node.exe : 
[1m[33m[33mΓû▓ [43;33m[
[43;30mWARNING[43;33m][0m 
[1mNG8113: 
NgxGradientTextComponent is 
not used within the 
template of 
AnalyticsPanelComponent[0m 
[1m[35m[plugin 
angular-compiler][0m
At C:\Program 
Files\nodejs\npx.ps1:29 
char:3
+   & $NODE_EXE $NPX_CLI_JS 
$args
+   ~~~~~~~~~~~~~~~~~~~~~~~~
~~~~~
    + CategoryInfo          
    : NotSpecified: ([1m  
  [33m[33mΓ...r-compiler   
 ][0m:String) [], Remot    
eException
    + FullyQualifiedErrorId 
    : NativeCommandError
 

    src/app/components/analy
tics-panel/analytics-panel.c
omponent.ts:19:8:
[37m      19 Γöé         [
32mNgxGradientTextComponent
[37m,
         Γò╡         [32m~~
~~~~~~~~~~~~~~~~~~~~~~[0m


[33mΓû▓ [43;33m[[43;30mWA
RNING[43;33m][0m 
[1mNG8113: 
NgxGradientTextComponent is 
not used within the 
template of 
FlowScoreComponent[0m 
[1m[35m[plugin 
angular-compiler][0m

    src/app/components/analy
tics-panel/flow-score/flow-s
core.component.ts:72:75:
[37m      72 Γöé 
...ngularModule, 
NgxNumberTickerComponent, [
32mNgxGradientTextComponent
[37m],
         Γò╡                
                            
[32m~~~~~~~~~~~~~~~~~~~~~~~
~[0m


[33mΓû▓ [43;33m[[43;30mWA
RNING[43;33m][0m 
[1mNG8107: The left side 
of this optional chain 
operation does not include 
'null' or 'undefined' in 
its type, therefore the 
'?.' operator can be 
replaced with the '.' 
operator.[0m 
[1m[35m[plugin 
angular-compiler][0m

    src/app/components/bluep
rint-hub/tabs/patterns-tab/p
attern-builder/live-match-hi
ghlighter/live-match-highlig
hter.component.ts:16:33:
[37m      16 Γöé ...<div 
*ngIf="input && 
tokens?.[32mlength[37m" 
class="mt-3 p-3 bg-card 
bo...
         Γò╡                
                 
[32m~~~~~~[0m

[39m[22m
[1m[31m[31mX [41;31m[[4
1;97mERROR[41;31m][0m 
[1mTS2307: Cannot find 
module 
'primeng/inputtextarea' or 
its corresponding type 
declarations.[0m 
[1m[35m[plugin 
angular-compiler][0m

    src/app/components/bluep
rint-hub/tabs/patterns-tab/p
attern-builder/pattern-build
er.component.ts:7:36:
[37m      7 Γöé import { 
InputTextareaModule } from 
[32m'primeng/inputtextarea'
[37m;
        Γò╡                 
                    [32m~~~
~~~~~~~~~~~~~~~~~~~~[0m


[31mX [41;31m[[41;97mERRO
R[41;31m][0m [1mTS2307: 
Cannot find module 
'primeng/dropdown' or its 
corresponding type 
declarations.[0m 
[1m[35m[plugin 
angular-compiler][0m

    src/app/components/bluep
rint-hub/tabs/patterns-tab/p
attern-builder/pattern-build
er.component.ts:8:31:
[37m      8 Γöé import { 
DropdownModule } from [32m'
primeng/dropdown'[37m;
        Γò╡                 
               
[32m~~~~~~~~~~~~~~~~~~[0m


[31mX [41;31m[[41;97mERRO
R[41;31m][0m [1mTS2307: 
Cannot find module 
'primeng/inputswitch' or 
its corresponding type 
declarations.[0m 
[1m[35m[plugin 
angular-compiler][0m

    src/app/components/bluep
rint-hub/tabs/patterns-tab/p
attern-builder/pattern-build
er.component.ts:10:34:
[37m      10 Γöé import { 
InputSwitchModule } from [3
2m'primeng/inputswitch'[37m
;
         Γò╡                
                   [32m~~~~
~~~~~~~~~~~~~~~~~[0m


[31mX [41;31m[[41;97mERRO
R[41;31m][0m [1mNG1010: 
'imports' must be an array 
of components, directives, 
pipes, or NgModules.
  Value could not be 
determined statically.[0m 
[1m[35m[plugin 
angular-compiler][0m

    src/app/components/bluep
rint-hub/tabs/patterns-tab/p
attern-builder/pattern-build
er.component.ts:26:8:
[37m      26 Γöé         [
32mInputTextareaModule[37m,
         Γò╡         
[32m~~~~~~~~~~~~~~~~~~~[0m

  Unknown reference.

    src/app/components/bluep
rint-hub/tabs/patterns-tab/p
attern-builder/pattern-build
er.component.ts:26:8:
[37m      26 Γöé         [
32mInputTextareaModule[37m,
         Γò╡         
[32m~~~~~~~~~~~~~~~~~~~[0m


[31mX [41;31m[[41;97mERRO
R[41;31m][0m [1mNG1010: 
'imports' must be an array 
of components, directives, 
pipes, or NgModules.
  Value could not be 
determined statically.[0m 
[1m[35m[plugin 
angular-compiler][0m

    src/app/components/bluep
rint-hub/tabs/patterns-tab/p
attern-builder/pattern-build
er.component.ts:27:8:
[37m      27 Γöé         
[32mDropdownModule[37m,
         Γò╡         
[32m~~~~~~~~~~~~~~[0m

  Unknown reference.

    src/app/components/bluep
rint-hub/tabs/patterns-tab/p
attern-builder/pattern-build
er.component.ts:27:8:
[37m      27 Γöé         
[32mDropdownModule[37m,
         Γò╡         
[32m~~~~~~~~~~~~~~[0m


[31mX [41;31m[[41;97mERRO
R[41;31m][0m [1mNG1010: 
'imports' must be an array 
of components, directives, 
pipes, or NgModules.
  Value could not be 
determined statically.[0m 
[1m[35m[plugin 
angular-compiler][0m

    src/app/components/bluep
rint-hub/tabs/patterns-tab/p
attern-builder/pattern-build
er.component.ts:29:8:
[37m      29 Γöé         
[32mInputSwitchModule[37m,
         Γò╡         
[32m~~~~~~~~~~~~~~~~~[0m

  Unknown reference.

    src/app/components/bluep
rint-hub/tabs/patterns-tab/p
attern-builder/pattern-build
er.component.ts:29:8:
[37m      29 Γöé         
[32mInputSwitchModule[37m,
         Γò╡         
[32m~~~~~~~~~~~~~~~~~[0m


[31mX [41;31m[[41;97mERRO
R[41;31m][0m [1mTS2307: 
Cannot find module 
'primeng/overlaypanel' or 
its corresponding type 
declarations.[0m 
[1m[35m[plugin 
angular-compiler][0m

    src/app/components/bluep
rint-hub/tabs/patterns-tab/p
attern-builder/token-chip/to
ken-chip.component.ts:5:35:
[37m      5 Γöé import { 
OverlayPanelModule } from [
32m'primeng/overlaypanel'[3
7m;
        Γò╡                 
                   [32m~~~~
~~~~~~~~~~~~~~~~~~[0m


[31mX [41;31m[[41;97mERRO
R[41;31m][0m [1mTS2307: 
Cannot find module 
'primeng/inputswitch' or 
its corresponding type 
declarations.[0m 
[1m[35m[plugin 
angular-compiler][0m

    src/app/components/bluep
rint-hub/tabs/patterns-tab/p
attern-builder/token-chip/to
ken-chip.component.ts:7:34:
[37m      7 Γöé import { 
InputSwitchModule } from [3
2m'primeng/inputswitch'[37m
;
        Γò╡                 
                  [32m~~~~~
~~~~~~~~~~~~~~~~[0m


[31mX [41;31m[[41;97mERRO
R[41;31m][0m [1mTS2307: 
Cannot find module 
'primeng/dropdown' or its 
corresponding type 
declarations.[0m 
[1m[35m[plugin 
angular-compiler][0m

    src/app/components/bluep
rint-hub/tabs/patterns-tab/p
attern-builder/token-chip/to
ken-chip.component.ts:8:31:
[37m      8 Γöé import { 
DropdownModule } from [32m'
primeng/dropdown'[37m;
        Γò╡                 
               
[32m~~~~~~~~~~~~~~~~~~[0m


[31mX [41;31m[[41;97mERRO
R[41;31m][0m [1mNG1010: 
'imports' must be an array 
of components, directives, 
pipes, or NgModules.
  Value could not be 
determined statically.[0m 
[1m[35m[plugin 
angular-compiler][0m

    src/app/components/bluep
rint-hub/tabs/patterns-tab/p
attern-builder/token-chip/to
ken-chip.component.ts:19:8:
[37m      19 Γöé         [
32mOverlayPanelModule[37m,
         Γò╡         
[32m~~~~~~~~~~~~~~~~~~[0m

  Unknown reference.

    src/app/components/bluep
rint-hub/tabs/patterns-tab/p
attern-builder/token-chip/to
ken-chip.component.ts:19:8:
[37m      19 Γöé         [
32mOverlayPanelModule[37m,
         Γò╡         
[32m~~~~~~~~~~~~~~~~~~[0m


[31mX [41;31m[[41;97mERRO
R[41;31m][0m [1mNG1010: 
'imports' must be an array 
of components, directives, 
pipes, or NgModules.
  Value could not be 
determined statically.[0m 
[1m[35m[plugin 
angular-compiler][0m

    src/app/components/bluep
rint-hub/tabs/patterns-tab/p
attern-builder/token-chip/to
ken-chip.component.ts:21:8:
[37m      21 Γöé         
[32mInputSwitchModule[37m,
         Γò╡         
[32m~~~~~~~~~~~~~~~~~[0m

  Unknown reference.

    src/app/components/bluep
rint-hub/tabs/patterns-tab/p
attern-builder/token-chip/to
ken-chip.component.ts:21:8:
[37m      21 Γöé         
[32mInputSwitchModule[37m,
         Γò╡         
[32m~~~~~~~~~~~~~~~~~[0m


[31mX [41;31m[[41;97mERRO
R[41;31m][0m [1mNG1010: 
'imports' must be an array 
of components, directives, 
pipes, or NgModules.
  Value could not be 
determined statically.[0m 
[1m[35m[plugin 
angular-compiler][0m

    src/app/components/bluep
rint-hub/tabs/patterns-tab/p
attern-builder/token-chip/to
ken-chip.component.ts:22:8:
[37m      22 Γöé         
[32mDropdownModule[37m,
         Γò╡         
[32m~~~~~~~~~~~~~~[0m

  Unknown reference.

    src/app/components/bluep
rint-hub/tabs/patterns-tab/p
attern-builder/token-chip/to
ken-chip.component.ts:22:8:
[37m      22 Γöé         
[32mDropdownModule[37m,
         Γò╡         
[32m~~~~~~~~~~~~~~[0m


[31mX [41;31m[[41;97mERRO
R[41;31m][0m [1mTS2307: 
Cannot find module 
'primeng/inputtextarea' or 
its corresponding type 
declarations.[0m 
[1m[35m[plugin 
angular-compiler][0m

    src/app/components/bluep
rint-hub/tabs/patterns-tab/p
attern-editor/pattern-editor
.component.ts:6:36:
[37m      6 Γöé import { 
InputTextareaModule } from 
[32m'primeng/inputtextarea'
[37m;
        Γò╡                 
                    [32m~~~
~~~~~~~~~~~~~~~~~~~~[0m


[31mX [41;31m[[41;97mERRO
R[41;31m][0m [1mTS2307: 
Cannot find module 
'primeng/inputswitch' or 
its corresponding type 
declarations.[0m 
[1m[35m[plugin 
angular-compiler][0m

    src/app/components/bluep
rint-hub/tabs/patterns-tab/p
attern-editor/pattern-editor
.component.ts:7:34:
[37m      7 Γöé import { 
InputSwitchModule } from [3
2m'primeng/inputswitch'[37m
;
        Γò╡                 
                  [32m~~~~~
~~~~~~~~~~~~~~~~[0m


[31mX [41;31m[[41;97mERRO
R[41;31m][0m [1mTS2307: 
Cannot find module 
'primeng/dropdown' or its 
corresponding type 
declarations.[0m 
[1m[35m[plugin 
angular-compiler][0m

    src/app/components/bluep
rint-hub/tabs/patterns-tab/p
attern-editor/pattern-editor
.component.ts:8:31:
[37m      8 Γöé import { 
DropdownModule } from [32m'
primeng/dropdown'[37m;
        Γò╡                 
               
[32m~~~~~~~~~~~~~~~~~~[0m


[31mX [41;31m[[41;97mERRO
R[41;31m][0m [1mTS2307: 
Cannot find module 
'primeng/tabview' or its 
corresponding type 
declarations.[0m 
[1m[35m[plugin 
angular-compiler][0m

    src/app/components/bluep
rint-hub/tabs/patterns-tab/p
attern-editor/pattern-editor
.component.ts:9:30:
[37m      9 Γöé import { 
TabViewModule } from 
[32m'primeng/tabview'[37m;
        Γò╡                 
              
[32m~~~~~~~~~~~~~~~~~[0m


[31mX [41;31m[[41;97mERRO
R[41;31m][0m [1mTS2307: 
Cannot find module '../../..
/../lib/refs/patterns/schema
' or its corresponding type 
declarations.[0m 
[1m[35m[plugin 
angular-compiler][0m

    src/app/components/bluep
rint-hub/tabs/patterns-tab/p
attern-editor/pattern-editor
.component.ts:10:57:
[37m      10 Γöé 
...lidatePatternSyntax } 
from [32m'../../../../lib/r
efs/patterns/schema'[37m;
         Γò╡                
               [32m~~~~~~~~
~~~~~~~~~~~~~~~~~~~~~~~~~~~~
~~[0m


[31mX [41;31m[[41;97mERRO
R[41;31m][0m [1mTS2307: 
Cannot find module '../../..
/../lib/refs/types' or its 
corresponding type 
declarations.[0m 
[1m[35m[plugin 
angular-compiler][0m

    src/app/components/bluep
rint-hub/tabs/patterns-tab/p
attern-editor/pattern-editor
.component.ts:11:24:
[37m      11 Γöé import { 
RefKind } from [32m'../../.
./../lib/refs/types'[37m;
         Γò╡                
         [32m~~~~~~~~~~~~~~
~~~~~~~~~~~~~~[0m


[31mX [41;31m[[41;97mERRO
R[41;31m][0m [1mNG1010: 
'imports' must be an array 
of components, directives, 
pipes, or NgModules.
  Value could not be 
determined statically.[0m 
[1m[35m[plugin 
angular-compiler][0m

    src/app/components/bluep
rint-hub/tabs/patterns-tab/p
attern-editor/pattern-editor
.component.ts:23:8:
[37m      23 Γöé         [
32mInputTextareaModule[37m,
         Γò╡         
[32m~~~~~~~~~~~~~~~~~~~[0m

  Unknown reference.

    src/app/components/bluep
rint-hub/tabs/patterns-tab/p
attern-editor/pattern-editor
.component.ts:23:8:
[37m      23 Γöé         [
32mInputTextareaModule[37m,
         Γò╡         
[32m~~~~~~~~~~~~~~~~~~~[0m


[31mX [41;31m[[41;97mERRO
R[41;31m][0m [1mNG1010: 
'imports' must be an array 
of components, directives, 
pipes, or NgModules.
  Value could not be 
determined statically.[0m 
[1m[35m[plugin 
angular-compiler][0m

    src/app/components/bluep
rint-hub/tabs/patterns-tab/p
attern-editor/pattern-editor
.component.ts:24:8:
[37m      24 Γöé         
[32mInputSwitchModule[37m,
         Γò╡         
[32m~~~~~~~~~~~~~~~~~[0m

  Unknown reference.

    src/app/components/bluep
rint-hub/tabs/patterns-tab/p
attern-editor/pattern-editor
.component.ts:24:8:
[37m      24 Γöé         
[32mInputSwitchModule[37m,
         Γò╡         
[32m~~~~~~~~~~~~~~~~~[0m


[31mX [41;31m[[41;97mERRO
R[41;31m][0m [1mNG1010: 
'imports' must be an array 
of components, directives, 
pipes, or NgModules.
  Value could not be 
determined statically.[0m 
[1m[35m[plugin 
angular-compiler][0m

    src/app/components/bluep
rint-hub/tabs/patterns-tab/p
attern-editor/pattern-editor
.component.ts:25:8:
[37m      25 Γöé         
[32mDropdownModule[37m,
         Γò╡         
[32m~~~~~~~~~~~~~~[0m

  Unknown reference.

    src/app/components/bluep
rint-hub/tabs/patterns-tab/p
attern-editor/pattern-editor
.component.ts:25:8:
[37m      25 Γöé         
[32mDropdownModule[37m,
         Γò╡         
[32m~~~~~~~~~~~~~~[0m


[31mX [41;31m[[41;97mERRO
R[41;31m][0m [1mNG1010: 
'imports' must be an array 
of components, directives, 
pipes, or NgModules.
  Value could not be 
determined statically.[0m 
[1m[35m[plugin 
angular-compiler][0m

    src/app/components/bluep
rint-hub/tabs/patterns-tab/p
attern-editor/pattern-editor
.component.ts:26:8:
[37m      26 Γöé         
[32mTabViewModule[37m,
         Γò╡         
[32m~~~~~~~~~~~~~[0m

  Unknown reference.

    src/app/components/bluep
rint-hub/tabs/patterns-tab/p
attern-editor/pattern-editor
.component.ts:26:8:
[37m      26 Γöé         
[32mTabViewModule[37m,
         Γò╡         
[32m~~~~~~~~~~~~~[0m


[31mX [41;31m[[41;97mERRO
R[41;31m][0m [1mTS2307: 
Cannot find module 
'primeng/inputswitch' or 
its corresponding type 
declarations.[0m 
[1m[35m[plugin 
angular-compiler][0m

    src/app/components/bluep
rint-hub/tabs/patterns-tab/p
atterns-tab.component.ts:6:3
4:
[37m      6 Γöé import { 
InputSwitchModule } from [3
2m'primeng/inputswitch'[37m
;
        Γò╡                 
                  [32m~~~~~
~~~~~~~~~~~~~~~~[0m


[31mX [41;31m[[41;97mERRO
R[41;31m][0m [1mNG1010: 
'imports' must be an array 
of components, directives, 
pipes, or NgModules.
  Value could not be 
determined statically.[0m 
[1m[35m[plugin 
angular-compiler][0m

    src/app/components/bluep
rint-hub/tabs/patterns-tab/p
atterns-tab.component.ts:23:
8:
[37m      23 Γöé         
[32mInputSwitchModule[37m,
         Γò╡         
[32m~~~~~~~~~~~~~~~~~[0m

  Unknown reference.

    src/app/components/bluep
rint-hub/tabs/patterns-tab/p
atterns-tab.component.ts:23:
8:
[37m      23 Γöé         
[32mInputSwitchModule[37m,
         Γò╡         
[32m~~~~~~~~~~~~~~~~~[0m


[31mX [41;31m[[41;97mERRO
R[41;31m][0m [1mCould 
not resolve 
"primeng/inputtextarea"[0m

    src/app/components/bluep
rint-hub/tabs/patterns-tab/p
attern-builder/pattern-build
er.component.ts:7:36:
[37m      7 Γöé import { 
InputTextareaModule } from 
[32m'primeng/inputtextarea'
[37m;
        Γò╡                 
                    [32m~~~
~~~~~~~~~~~~~~~~~~~~[0m

  The path 
"./inputtextarea" is not 
exported by package 
"primeng":

    node_modules/primeng/pac
kage.json:47:13:
[37m      47 Γöé   
"exports": [32m{[37m
         Γò╡              
[32m^[0m

  You can mark the path 
"primeng/inputtextarea" as 
external to exclude it from 
the bundle, which will 
remove this error and leave 
the unresolved path in the 
bundle.


[31mX [41;31m[[41;97mERRO
R[41;31m][0m [1mCould 
not resolve 
"primeng/dropdown"[0m

    src/app/components/bluep
rint-hub/tabs/patterns-tab/p
attern-builder/pattern-build
er.component.ts:8:31:
[37m      8 Γöé import { 
DropdownModule } from [32m'
primeng/dropdown'[37m;
        Γò╡                 
               
[32m~~~~~~~~~~~~~~~~~~[0m

  The path "./dropdown" is 
not exported by package 
"primeng":

    node_modules/primeng/pac
kage.json:47:13:
[37m      47 Γöé   
"exports": [32m{[37m
         Γò╡              
[32m^[0m

  You can mark the path 
"primeng/dropdown" as 
external to exclude it from 
the bundle, which will 
remove this error and leave 
the unresolved path in the 
bundle.


[31mX [41;31m[[41;97mERRO
R[41;31m][0m [1mCould 
not resolve 
"primeng/inputswitch"[0m

    src/app/components/bluep
rint-hub/tabs/patterns-tab/p
attern-builder/pattern-build
er.component.ts:10:34:
[37m      10 Γöé import { 
InputSwitchModule } from [3
2m'primeng/inputswitch'[37m
;
         Γò╡                
                   [32m~~~~
~~~~~~~~~~~~~~~~~[0m

  The path "./inputswitch" 
is not exported by package 
"primeng":

    node_modules/primeng/pac
kage.json:47:13:
[37m      47 Γöé   
"exports": [32m{[37m
         Γò╡              
[32m^[0m

  You can mark the path 
"primeng/inputswitch" as 
external to exclude it from 
the bundle, which will 
remove this error and leave 
the unresolved path in the 
bundle.


[31mX [41;31m[[41;97mERRO
R[41;31m][0m [1mCould 
not resolve 
"primeng/overlaypanel"[0m

    src/app/components/bluep
rint-hub/tabs/patterns-tab/p
attern-builder/token-chip/to
ken-chip.component.ts:5:35:
[37m      5 Γöé import { 
OverlayPanelModule } from [
32m'primeng/overlaypanel'[3
7m;
        Γò╡                 
                   [32m~~~~
~~~~~~~~~~~~~~~~~~[0m

  The path "./overlaypanel" 
is not exported by package 
"primeng":

    node_modules/primeng/pac
kage.json:47:13:
[37m      47 Γöé   
"exports": [32m{[37m
         Γò╡              
[32m^[0m

  You can mark the path 
"primeng/overlaypanel" as 
external to exclude it from 
the bundle, which will 
remove this error and leave 
the unresolved path in the 
bundle.


[31mX [41;31m[[41;97mERRO
R[41;31m][0m [1mCould 
not resolve 
"primeng/inputswitch"[0m

    src/app/components/bluep
rint-hub/tabs/patterns-tab/p
attern-builder/token-chip/to
ken-chip.component.ts:7:34:
[37m      7 Γöé import { 
InputSwitchModule } from [3
2m'primeng/inputswitch'[37m
;
        Γò╡                 
                  [32m~~~~~
~~~~~~~~~~~~~~~~[0m

  The path "./inputswitch" 
is not exported by package 
"primeng":

    node_modules/primeng/pac
kage.json:47:13:
[37m      47 Γöé   
"exports": [32m{[37m
         Γò╡              
[32m^[0m

  You can mark the path 
"primeng/inputswitch" as 
external to exclude it from 
the bundle, which will 
remove this error and leave 
the unresolved path in the 
bundle.


[31mX [41;31m[[41;97mERRO
R[41;31m][0m [1mCould 
not resolve 
"primeng/dropdown"[0m

    src/app/components/bluep
rint-hub/tabs/patterns-tab/p
attern-builder/token-chip/to
ken-chip.component.ts:8:31:
[37m      8 Γöé import { 
DropdownModule } from [32m'
primeng/dropdown'[37m;
        Γò╡                 
               
[32m~~~~~~~~~~~~~~~~~~[0m

  The path "./dropdown" is 
not exported by package 
"primeng":

    node_modules/primeng/pac
kage.json:47:13:
[37m      47 Γöé   
"exports": [32m{[37m
         Γò╡              
[32m^[0m

  You can mark the path 
"primeng/dropdown" as 
external to exclude it from 
the bundle, which will 
remove this error and leave 
the unresolved path in the 
bundle.


[31mX [41;31m[[41;97mERRO
R[41;31m][0m [1mCould 
not resolve 
"primeng/inputtextarea"[0m

    src/app/components/bluep
rint-hub/tabs/patterns-tab/p
attern-editor/pattern-editor
.component.ts:6:36:
[37m      6 Γöé import { 
InputTextareaModule } from 
[32m'primeng/inputtextarea'
[37m;
        Γò╡                 
                    [32m~~~
~~~~~~~~~~~~~~~~~~~~[0m

  The path 
"./inputtextarea" is not 
exported by package 
"primeng":

    node_modules/primeng/pac
kage.json:47:13:
[37m      47 Γöé   
"exports": [32m{[37m
         Γò╡              
[32m^[0m

  You can mark the path 
"primeng/inputtextarea" as 
external to exclude it from 
the bundle, which will 
remove this error and leave 
the unresolved path in the 
bundle.


[31mX [41;31m[[41;97mERRO
R[41;31m][0m [1mCould 
not resolve 
"primeng/inputswitch"[0m

    src/app/components/bluep
rint-hub/tabs/patterns-tab/p
attern-editor/pattern-editor
.component.ts:7:34:
[37m      7 Γöé import { 
InputSwitchModule } from [3
2m'primeng/inputswitch'[37m
;
        Γò╡                 
                  [32m~~~~~
~~~~~~~~~~~~~~~~[0m

  The path "./inputswitch" 
is not exported by package 
"primeng":

    node_modules/primeng/pac
kage.json:47:13:
[37m      47 Γöé   
"exports": [32m{[37m
         Γò╡              
[32m^[0m

  You can mark the path 
"primeng/inputswitch" as 
external to exclude it from 
the bundle, which will 
remove this error and leave 
the unresolved path in the 
bundle.


[31mX [41;31m[[41;97mERRO
R[41;31m][0m [1mCould 
not resolve 
"primeng/dropdown"[0m

    src/app/components/bluep
rint-hub/tabs/patterns-tab/p
attern-editor/pattern-editor
.component.ts:8:31:
[37m      8 Γöé import { 
DropdownModule } from [32m'
primeng/dropdown'[37m;
        Γò╡                 
               
[32m~~~~~~~~~~~~~~~~~~[0m

  The path "./dropdown" is 
not exported by package 
"primeng":

    node_modules/primeng/pac
kage.json:47:13:
[37m      47 Γöé   
"exports": [32m{[37m
         Γò╡              
[32m^[0m

  You can mark the path 
"primeng/dropdown" as 
external to exclude it from 
the bundle, which will 
remove this error and leave 
the unresolved path in the 
bundle.


[31mX [41;31m[[41;97mERRO
R[41;31m][0m [1mCould 
not resolve 
"primeng/tabview"[0m

    src/app/components/bluep
rint-hub/tabs/patterns-tab/p
attern-editor/pattern-editor
.component.ts:9:30:
[37m      9 Γöé import { 
TabViewModule } from 
[32m'primeng/tabview'[37m;
        Γò╡                 
              
[32m~~~~~~~~~~~~~~~~~[0m

  The path "./tabview" is 
not exported by package 
"primeng":

    node_modules/primeng/pac
kage.json:47:13:
[37m      47 Γöé   
"exports": [32m{[37m
         Γò╡              
[32m^[0m

  You can mark the path 
"primeng/tabview" as 
external to exclude it from 
the bundle, which will 
remove this error and leave 
the unresolved path in the 
bundle.


[31mX [41;31m[[41;97mERRO
R[41;31m][0m [1mCould 
not resolve "../../../../lib
/refs/patterns/schema"[0m

    src/app/components/bluep
rint-hub/tabs/patterns-tab/p
attern-editor/pattern-editor
.component.ts:10:57:
[37m      10 Γöé 
...lidatePatternSyntax } 
from [32m'../../../../lib/r
efs/patterns/schema'[37m;
         Γò╡                
               [32m~~~~~~~~
~~~~~~~~~~~~~~~~~~~~~~~~~~~~
~~[0m


[31mX [41;31m[[41;97mERRO
R[41;31m][0m [1mCould 
not resolve 
"primeng/inputswitch"[0m

    src/app/components/bluep
rint-hub/tabs/patterns-tab/p
atterns-tab.component.ts:6:3
4:
[37m      6 Γöé import { 
InputSwitchModule } from [3
2m'primeng/inputswitch'[37m
;
        Γò╡                 
                  [32m~~~~~
~~~~~~~~~~~~~~~~[0m

  The path "./inputswitch" 
is not exported by package 
"primeng":

    node_modules/primeng/pac
kage.json:47:13:
[37m      47 Γöé   
"exports": [32m{[37m
         Γò╡              
[32m^[0m

  You can mark the path 
"primeng/inputswitch" as 
external to exclude it from 
the bundle, which will 
remove this error and leave 
the unresolved path in the 
bundle.

[39m[22m
